../Core/Src/main.c:104:6:UART_SendString	16	static
../Core/Src/main.c:109:13:UART_SendChar	16	static
../Core/Src/main.c:114:13:UART_SendInt	40	static
../Core/Src/main.c:142:13:IMU_CS_Low	8	static
../Core/Src/main.c:147:13:IMU_CS_High	8	static
../Core/Src/main.c:152:13:ICM20948_WriteReg	24	static
../Core/Src/main.c:164:16:ICM20948_ReadReg	32	static
../Core/Src/main.c:182:13:ICM20948_ReadRegs	32	static
../Core/Src/main.c:201:13:ICM20948_SelectBank	16	static
../Core/Src/main.c:206:16:ICM20948_Init_Minimal	16	static
../Core/Src/main.c:242:16:ICM20948_Config_Basic	8	static
../Core/Src/main.c:260:16:ICM20948_ReadRaw	32	static
../Core/Src/main.c:277:13:UART_SendIMU_Raw	16	static
../Core/Src/main.c:300:5:main	8	static
../Core/Src/main.c:417:6:SystemClock_Config	120	static
../Core/Src/main.c:467:6:PeriphCommonClock_Config	200	static
../Core/Src/main.c:490:6:BSP_PB_Callback	16	static
../Core/Src/main.c:502:6:Error_Handler	4	static,ignoring_inline_asm
